Quantum MASALA
 - Project Git Info:
    - Commit hash:          a90d2c4e46f84faa5afa2aaf4b398d09c01b0dc6
    - Commit date and time: Friday, 05 June, 2026 12:41:05
Started calculation on 2026-07-18 at 20:01:45.
=========================================
SCF Parameters:

dftcomm        = DFTCommMod(image_comm.size=1, n_kgrp=1, n_bgrp=1, pwgrp_size=None)
crystal        = Crystal(
                  reallat=RealLattice(
                    alat=10.26000, 
                    latvec=
                      [[10.26  0.    0.  ]
                       [ 0.   10.26  0.  ]
                       [ 0.    0.   10.26]],
                  ), 
                  l_atoms=[
                    BasisAtoms(
                      label='Si', 
                      ppdata.filename=Si_ONCV_PBE-1.2.upf, 
                      ppdata.md5_checksum=7f029a58b69e3aa87b46a36c608bf45e, 
                      ppdata.valence=4, 
                      mass=28.085, 
                      r_cryst=
                        [-0.125, -0.125, -0.125],
                        [ 0.375,  0.375, -0.125],
                        [ 0.375, -0.125,  0.375],
                        [-0.125,  0.375,  0.375],
                      )
                    BasisAtoms(
                      label='Si', 
                      ppdata.filename=Si_ONCV_PBE-1.2.upf, 
                      ppdata.md5_checksum=7f029a58b69e3aa87b46a36c608bf45e, 
                      ppdata.valence=4, 
                      mass=28.085, 
                      r_cryst=
                        [0.125, 0.125, 0.125],
                        [0.625, 0.625, 0.125],
                        [0.625, 0.125, 0.625],
                        [0.125, 0.625, 0.625],
                      )
                    ])
grho           = GSpace(crystal.recilat, ecut_rho=50.0, grid_shape=(36, 36, 36))
grho.num_g     = 18277
gwfn           = GSpace(crystal.recilat, ecut_wfn=50.0, grid_shape=(36, 36, 36))
gwfn.num_g     = 18277
numbnd         = 32
is_spin        = False
is_noncolin    = False
symm_rho       = True
rho_start      = <qtm.containers.field.get_FieldG.<locals>.FieldG object at 0x761fce58b2c0>
wfn_init       = None
libxc_func     = None
occ_typ        = fixed
smear_typ      = gauss
e_temp         = 0.001 # Ha
conv_thr       = 5e-09 # Ha
maxiter        = 100
diago_thr_init = 0.005
mix_beta       = 0.7
mix_dim        = 8
ret_vxc        = False
dftconfig      = DFTConfig(
                      symm_check_supercell = True,
                      symm_use_all_frac = False,
                      spglib_symprec = 1e-05,
                      eigsolve_method = 'davidson',
                      davidson_maxiter = 20,
                      davidson_numwork = 2,
                      mixing_method = 'modbroyden')
iter_printer   = print_scf_status
kpts           =
    kpt[0]  kpt[1]  kpt[2];  weight
    -0.1250 -0.1250 -0.1250; 0.015625
    -0.1250 -0.1250  0.1250; 0.015625
    -0.1250 -0.1250  0.3750; 0.015625
    -0.1250 -0.1250  0.6250; 0.015625
    -0.1250  0.1250 -0.1250; 0.015625
    -0.1250  0.1250  0.1250; 0.015625
    -0.1250  0.1250  0.3750; 0.015625
    -0.1250  0.1250  0.6250; 0.015625
    -0.1250  0.3750 -0.1250; 0.015625
    -0.1250  0.3750  0.1250; 0.015625
    -0.1250  0.3750  0.3750; 0.015625
    -0.1250  0.3750  0.6250; 0.015625
    -0.1250  0.6250 -0.1250; 0.015625
    -0.1250  0.6250  0.1250; 0.015625
    -0.1250  0.6250  0.3750; 0.015625
    -0.1250  0.6250  0.6250; 0.015625
     0.1250 -0.1250 -0.1250; 0.015625
     0.1250 -0.1250  0.1250; 0.015625
     0.1250 -0.1250  0.3750; 0.015625
     0.1250 -0.1250  0.6250; 0.015625
     0.1250  0.1250 -0.1250; 0.015625
     0.1250  0.1250  0.1250; 0.015625
     0.1250  0.1250  0.3750; 0.015625
     0.1250  0.1250  0.6250; 0.015625
     0.1250  0.3750 -0.1250; 0.015625
     0.1250  0.3750  0.1250; 0.015625
     0.1250  0.3750  0.3750; 0.015625
     0.1250  0.3750  0.6250; 0.015625
     0.1250  0.6250 -0.1250; 0.015625
     0.1250  0.6250  0.1250; 0.015625
     0.1250  0.6250  0.3750; 0.015625
     0.1250  0.6250  0.6250; 0.015625
     0.3750 -0.1250 -0.1250; 0.015625
     0.3750 -0.1250  0.1250; 0.015625
     0.3750 -0.1250  0.3750; 0.015625
     0.3750 -0.1250  0.6250; 0.015625
     0.3750  0.1250 -0.1250; 0.015625
     0.3750  0.1250  0.1250; 0.015625
     0.3750  0.1250  0.3750; 0.015625
     0.3750  0.1250  0.6250; 0.015625
     0.3750  0.3750 -0.1250; 0.015625
     0.3750  0.3750  0.1250; 0.015625
     0.3750  0.3750  0.3750; 0.015625
     0.3750  0.3750  0.6250; 0.015625
     0.3750  0.6250 -0.1250; 0.015625
     0.3750  0.6250  0.1250; 0.015625
     0.3750  0.6250  0.3750; 0.015625
     0.3750  0.6250  0.6250; 0.015625
     0.6250 -0.1250 -0.1250; 0.015625
     0.6250 -0.1250  0.1250; 0.015625
     0.6250 -0.1250  0.3750; 0.015625
     0.6250 -0.1250  0.6250; 0.015625
     0.6250  0.1250 -0.1250; 0.015625
     0.6250  0.1250  0.1250; 0.015625
     0.6250  0.1250  0.3750; 0.015625
     0.6250  0.1250  0.6250; 0.015625
     0.6250  0.3750 -0.1250; 0.015625
     0.6250  0.3750  0.1250; 0.015625
     0.6250  0.3750  0.3750; 0.015625
     0.6250  0.3750  0.6250; 0.015625
     0.6250  0.6250 -0.1250; 0.015625
     0.6250  0.6250  0.1250; 0.015625
     0.6250  0.6250  0.3750; 0.015625
     0.6250  0.6250  0.6250; 0.015625

=========================================
Quantum MASALA
 - Project Git Info:
    - Commit hash:          a90d2c4e46f84faa5afa2aaf4b398d09c01b0dc6
    - Commit date and time: Friday, 05 June, 2026 12:41:05
Started calculation on 2026-07-18 at 20:01:45.
=========================================
SCF Parameters:

dftcomm        = DFTCommMod(image_comm.size=1, n_kgrp=1, n_bgrp=1, pwgrp_size=None)
crystal        = Crystal(
                  reallat=RealLattice(
                    alat=10.26000, 
                    latvec=
                      [[10.26  0.    0.  ]
                       [ 0.   10.26  0.  ]
                       [ 0.    0.   10.26]],
                  ), 
                  l_atoms=[
                    BasisAtoms(
                      label='Si', 
                      ppdata.filename=Si_ONCV_PBE-1.2.upf, 
                      ppdata.md5_checksum=7f029a58b69e3aa87b46a36c608bf45e, 
                      ppdata.valence=4, 
                      mass=28.085, 
                      r_cryst=
                        [-0.125, -0.125, -0.125],
                        [ 0.375,  0.375, -0.125],
                        [ 0.375, -0.125,  0.375],
                        [-0.125,  0.375,  0.375],
                      )
                    BasisAtoms(
                      label='Si', 
                      ppdata.filename=Si_ONCV_PBE-1.2.upf, 
                      ppdata.md5_checksum=7f029a58b69e3aa87b46a36c608bf45e, 
                      ppdata.valence=4, 
                      mass=28.085, 
                      r_cryst=
                        [0.125, 0.125, 0.125],
                        [0.625, 0.625, 0.125],
                        [0.625, 0.125, 0.625],
                        [0.125, 0.625, 0.625],
                      )
                    ])
grho           = GSpace(crystal.recilat, ecut_rho=50.0, grid_shape=(36, 36, 36))
grho.num_g     = 18277
gwfn           = GSpace(crystal.recilat, ecut_wfn=50.0, grid_shape=(36, 36, 36))
gwfn.num_g     = 18277
numbnd         = 32
is_spin        = False
is_noncolin    = False
symm_rho       = True
rho_start      = <qtm.containers.field.get_FieldG.<locals>.FieldG object at 0x7dcc5236c980>
wfn_init       = None
libxc_func     = None
occ_typ        = fixed
smear_typ      = gauss
e_temp         = 0.001 # Ha
conv_thr       = 5e-09 # Ha
maxiter        = 100
diago_thr_init = 0.005
mix_beta       = 0.7
mix_dim        = 8
ret_vxc        = False
dftconfig      = DFTConfig(
                      symm_check_supercell = True,
                      symm_use_all_frac = False,
                      spglib_symprec = 1e-05,
                      eigsolve_method = 'davidson',
                      davidson_maxiter = 20,
                      davidson_numwork = 2,
                      mixing_method = 'modbroyden')
iter_printer   = print_scf_status
kpts           =
    kpt[0]  kpt[1]  kpt[2];  weight
    -0.1250 -0.1250 -0.1250; 0.015625
    -0.1250 -0.1250  0.1250; 0.015625
    -0.1250 -0.1250  0.3750; 0.015625
    -0.1250 -0.1250  0.6250; 0.015625
    -0.1250  0.1250 -0.1250; 0.015625
    -0.1250  0.1250  0.1250; 0.015625
    -0.1250  0.1250  0.3750; 0.015625
    -0.1250  0.1250  0.6250; 0.015625
    -0.1250  0.3750 -0.1250; 0.015625
    -0.1250  0.3750  0.1250; 0.015625
    -0.1250  0.3750  0.3750; 0.015625
    -0.1250  0.3750  0.6250; 0.015625
    -0.1250  0.6250 -0.1250; 0.015625
    -0.1250  0.6250  0.1250; 0.015625
    -0.1250  0.6250  0.3750; 0.015625
    -0.1250  0.6250  0.6250; 0.015625
     0.1250 -0.1250 -0.1250; 0.015625
     0.1250 -0.1250  0.1250; 0.015625
     0.1250 -0.1250  0.3750; 0.015625
     0.1250 -0.1250  0.6250; 0.015625
     0.1250  0.1250 -0.1250; 0.015625
     0.1250  0.1250  0.1250; 0.015625
     0.1250  0.1250  0.3750; 0.015625
     0.1250  0.1250  0.6250; 0.015625
     0.1250  0.3750 -0.1250; 0.015625
     0.1250  0.3750  0.1250; 0.015625
     0.1250  0.3750  0.3750; 0.015625
     0.1250  0.3750  0.6250; 0.015625
     0.1250  0.6250 -0.1250; 0.015625
     0.1250  0.6250  0.1250; 0.015625
     0.1250  0.6250  0.3750; 0.015625
     0.1250  0.6250  0.6250; 0.015625
     0.3750 -0.1250 -0.1250; 0.015625
     0.3750 -0.1250  0.1250; 0.015625
     0.3750 -0.1250  0.3750; 0.015625
     0.3750 -0.1250  0.6250; 0.015625
     0.3750  0.1250 -0.1250; 0.015625
     0.3750  0.1250  0.1250; 0.015625
     0.3750  0.1250  0.3750; 0.015625
     0.3750  0.1250  0.6250; 0.015625
     0.3750  0.3750 -0.1250; 0.015625
     0.3750  0.3750  0.1250; 0.015625
     0.3750  0.3750  0.3750; 0.015625
     0.3750  0.3750  0.6250; 0.015625
     0.3750  0.6250 -0.1250; 0.015625
     0.3750  0.6250  0.1250; 0.015625
     0.3750  0.6250  0.3750; 0.015625
     0.3750  0.6250  0.6250; 0.015625
     0.6250 -0.1250 -0.1250; 0.015625
     0.6250 -0.1250  0.1250; 0.015625
     0.6250 -0.1250  0.3750; 0.015625
     0.6250 -0.1250  0.6250; 0.015625
     0.6250  0.1250 -0.1250; 0.015625
     0.6250  0.1250  0.1250; 0.015625
     0.6250  0.1250  0.3750; 0.015625
     0.6250  0.1250  0.6250; 0.015625
     0.6250  0.3750 -0.1250; 0.015625
     0.6250  0.3750  0.1250; 0.015625
     0.6250  0.3750  0.3750; 0.015625
     0.6250  0.3750  0.6250; 0.015625
     0.6250  0.6250 -0.1250; 0.015625
     0.6250  0.6250  0.1250; 0.015625
     0.6250  0.6250  0.3750; 0.015625
     0.6250  0.6250  0.6250; 0.015625

=========================================
Quantum MASALA
 - Project Git Info:
    - Commit hash:          a90d2c4e46f84faa5afa2aaf4b398d09c01b0dc6
    - Commit date and time: Friday, 05 June, 2026 12:41:05
Started calculation on 2026-07-18 at 20:01:45.
=========================================
SCF Parameters:

dftcomm        = DFTCommMod(image_comm.size=1, n_kgrp=1, n_bgrp=1, pwgrp_size=None)
crystal        = Crystal(
                  reallat=RealLattice(
                    alat=10.26000, 
                    latvec=
                      [[10.26  0.    0.  ]
                       [ 0.   10.26  0.  ]
                       [ 0.    0.   10.26]],
                  ), 
                  l_atoms=[
                    BasisAtoms(
                      label='Si', 
                      ppdata.filename=Si_ONCV_PBE-1.2.upf, 
                      ppdata.md5_checksum=7f029a58b69e3aa87b46a36c608bf45e, 
                      ppdata.valence=4, 
                      mass=28.085, 
                      r_cryst=
                        [-0.125, -0.125, -0.125],
                        [ 0.375,  0.375, -0.125],
                        [ 0.375, -0.125,  0.375],
                        [-0.125,  0.375,  0.375],
                      )
                    BasisAtoms(
                      label='Si', 
                      ppdata.filename=Si_ONCV_PBE-1.2.upf, 
                      ppdata.md5_checksum=7f029a58b69e3aa87b46a36c608bf45e, 
                      ppdata.valence=4, 
                      mass=28.085, 
                      r_cryst=
                        [0.125, 0.125, 0.125],
                        [0.625, 0.625, 0.125],
                        [0.625, 0.125, 0.625],
                        [0.125, 0.625, 0.625],
                      )
                    ])
grho           = GSpace(crystal.recilat, ecut_rho=50.0, grid_shape=(36, 36, 36))
grho.num_g     = 18277
gwfn           = GSpace(crystal.recilat, ecut_wfn=50.0, grid_shape=(36, 36, 36))
gwfn.num_g     = 18277
numbnd         = 32
is_spin        = False
is_noncolin    = False
symm_rho       = True
rho_start      = <qtm.containers.field.get_FieldG.<locals>.FieldG object at 0x768e50bd2d80>
wfn_init       = None
libxc_func     = None
occ_typ        = fixed
smear_typ      = gauss
e_temp         = 0.001 # Ha
conv_thr       = 5e-09 # Ha
maxiter        = 100
diago_thr_init = 0.005
mix_beta       = 0.7
mix_dim        = 8
ret_vxc        = False
dftconfig      = DFTConfig(
                      symm_check_supercell = True,
                      symm_use_all_frac = False,
                      spglib_symprec = 1e-05,
                      eigsolve_method = 'davidson',
                      davidson_maxiter = 20,
                      davidson_numwork = 2,
                      mixing_method = 'modbroyden')
iter_printer   = print_scf_status
kpts           =
    kpt[0]  kpt[1]  kpt[2];  weight
    -0.1250 -0.1250 -0.1250; 0.015625
    -0.1250 -0.1250  0.1250; 0.015625
    -0.1250 -0.1250  0.3750; 0.015625
    -0.1250 -0.1250  0.6250; 0.015625
    -0.1250  0.1250 -0.1250; 0.015625
    -0.1250  0.1250  0.1250; 0.015625
    -0.1250  0.1250  0.3750; 0.015625
    -0.1250  0.1250  0.6250; 0.015625
    -0.1250  0.3750 -0.1250; 0.015625
    -0.1250  0.3750  0.1250; 0.015625
    -0.1250  0.3750  0.3750; 0.015625
    -0.1250  0.3750  0.6250; 0.015625
    -0.1250  0.6250 -0.1250; 0.015625
    -0.1250  0.6250  0.1250; 0.015625
    -0.1250  0.6250  0.3750; 0.015625
    -0.1250  0.6250  0.6250; 0.015625
     0.1250 -0.1250 -0.1250; 0.015625
     0.1250 -0.1250  0.1250; 0.015625
     0.1250 -0.1250  0.3750; 0.015625
     0.1250 -0.1250  0.6250; 0.015625
     0.1250  0.1250 -0.1250; 0.015625
     0.1250  0.1250  0.1250; 0.015625
     0.1250  0.1250  0.3750; 0.015625
     0.1250  0.1250  0.6250; 0.015625
     0.1250  0.3750 -0.1250; 0.015625
     0.1250  0.3750  0.1250; 0.015625
     0.1250  0.3750  0.3750; 0.015625
     0.1250  0.3750  0.6250; 0.015625
     0.1250  0.6250 -0.1250; 0.015625
     0.1250  0.6250  0.1250; 0.015625
     0.1250  0.6250  0.3750; 0.015625
     0.1250  0.6250  0.6250; 0.015625
     0.3750 -0.1250 -0.1250; 0.015625
     0.3750 -0.1250  0.1250; 0.015625
     0.3750 -0.1250  0.3750; 0.015625
     0.3750 -0.1250  0.6250; 0.015625
     0.3750  0.1250 -0.1250; 0.015625
     0.3750  0.1250  0.1250; 0.015625
     0.3750  0.1250  0.3750; 0.015625
     0.3750  0.1250  0.6250; 0.015625
     0.3750  0.3750 -0.1250; 0.015625
     0.3750  0.3750  0.1250; 0.015625
     0.3750  0.3750  0.3750; 0.015625
     0.3750  0.3750  0.6250; 0.015625
     0.3750  0.6250 -0.1250; 0.015625
     0.3750  0.6250  0.1250; 0.015625
     0.3750  0.6250  0.3750; 0.015625
     0.3750  0.6250  0.6250; 0.015625
     0.6250 -0.1250 -0.1250; 0.015625
     0.6250 -0.1250  0.1250; 0.015625
     0.6250 -0.1250  0.3750; 0.015625
     0.6250 -0.1250  0.6250; 0.015625
     0.6250  0.1250 -0.1250; 0.015625
     0.6250  0.1250  0.1250; 0.015625
     0.6250  0.1250  0.3750; 0.015625
     0.6250  0.1250  0.6250; 0.015625
     0.6250  0.3750 -0.1250; 0.015625
     0.6250  0.3750  0.1250; 0.015625
     0.6250  0.3750  0.3750; 0.015625
     0.6250  0.3750  0.6250; 0.015625
     0.6250  0.6250 -0.1250; 0.015625
     0.6250  0.6250  0.1250; 0.015625
     0.6250  0.6250  0.3750; 0.015625
     0.6250  0.6250  0.6250; 0.015625

=========================================
Quantum MASALA
 - Project Git Info:
    - Commit hash:          a90d2c4e46f84faa5afa2aaf4b398d09c01b0dc6
    - Commit date and time: Friday, 05 June, 2026 12:41:05
Started calculation on 2026-07-18 at 20:01:45.
=========================================
SCF Parameters:

dftcomm        = DFTCommMod(image_comm.size=1, n_kgrp=1, n_bgrp=1, pwgrp_size=None)
crystal        = Crystal(
                  reallat=RealLattice(
                    alat=10.26000, 
                    latvec=
                      [[10.26  0.    0.  ]
                       [ 0.   10.26  0.  ]
                       [ 0.    0.   10.26]],
                  ), 
                  l_atoms=[
                    BasisAtoms(
                      label='Si', 
                      ppdata.filename=Si_ONCV_PBE-1.2.upf, 
                      ppdata.md5_checksum=7f029a58b69e3aa87b46a36c608bf45e, 
                      ppdata.valence=4, 
                      mass=28.085, 
                      r_cryst=
                        [-0.125, -0.125, -0.125],
                        [ 0.375,  0.375, -0.125],
                        [ 0.375, -0.125,  0.375],
                        [-0.125,  0.375,  0.375],
                      )
                    BasisAtoms(
                      label='Si', 
                      ppdata.filename=Si_ONCV_PBE-1.2.upf, 
                      ppdata.md5_checksum=7f029a58b69e3aa87b46a36c608bf45e, 
                      ppdata.valence=4, 
                      mass=28.085, 
                      r_cryst=
                        [0.125, 0.125, 0.125],
                        [0.625, 0.625, 0.125],
                        [0.625, 0.125, 0.625],
                        [0.125, 0.625, 0.625],
                      )
                    ])
grho           = GSpace(crystal.recilat, ecut_rho=50.0, grid_shape=(36, 36, 36))
grho.num_g     = 18277
gwfn           = GSpace(crystal.recilat, ecut_wfn=50.0, grid_shape=(36, 36, 36))
gwfn.num_g     = 18277
numbnd         = 32
is_spin        = False
is_noncolin    = False
symm_rho       = True
rho_start      = <qtm.containers.field.get_FieldG.<locals>.FieldG object at 0x7d367736c2c0>
wfn_init       = None
libxc_func     = None
occ_typ        = fixed
smear_typ      = gauss
e_temp         = 0.001 # Ha
conv_thr       = 5e-09 # Ha
maxiter        = 100
diago_thr_init = 0.005
mix_beta       = 0.7
mix_dim        = 8
ret_vxc        = False
dftconfig      = DFTConfig(
                      symm_check_supercell = True,
                      symm_use_all_frac = False,
                      spglib_symprec = 1e-05,
                      eigsolve_method = 'davidson',
                      davidson_maxiter = 20,
                      davidson_numwork = 2,
                      mixing_method = 'modbroyden')
iter_printer   = print_scf_status
kpts           =
    kpt[0]  kpt[1]  kpt[2];  weight
    -0.1250 -0.1250 -0.1250; 0.015625
    -0.1250 -0.1250  0.1250; 0.015625
    -0.1250 -0.1250  0.3750; 0.015625
    -0.1250 -0.1250  0.6250; 0.015625
    -0.1250  0.1250 -0.1250; 0.015625
    -0.1250  0.1250  0.1250; 0.015625
    -0.1250  0.1250  0.3750; 0.015625
    -0.1250  0.1250  0.6250; 0.015625
    -0.1250  0.3750 -0.1250; 0.015625
    -0.1250  0.3750  0.1250; 0.015625
    -0.1250  0.3750  0.3750; 0.015625
    -0.1250  0.3750  0.6250; 0.015625
    -0.1250  0.6250 -0.1250; 0.015625
    -0.1250  0.6250  0.1250; 0.015625
    -0.1250  0.6250  0.3750; 0.015625
    -0.1250  0.6250  0.6250; 0.015625
     0.1250 -0.1250 -0.1250; 0.015625
     0.1250 -0.1250  0.1250; 0.015625
     0.1250 -0.1250  0.3750; 0.015625
     0.1250 -0.1250  0.6250; 0.015625
     0.1250  0.1250 -0.1250; 0.015625
     0.1250  0.1250  0.1250; 0.015625
     0.1250  0.1250  0.3750; 0.015625
     0.1250  0.1250  0.6250; 0.015625
     0.1250  0.3750 -0.1250; 0.015625
     0.1250  0.3750  0.1250; 0.015625
     0.1250  0.3750  0.3750; 0.015625
     0.1250  0.3750  0.6250; 0.015625
     0.1250  0.6250 -0.1250; 0.015625
     0.1250  0.6250  0.1250; 0.015625
     0.1250  0.6250  0.3750; 0.015625
     0.1250  0.6250  0.6250; 0.015625
     0.3750 -0.1250 -0.1250; 0.015625
     0.3750 -0.1250  0.1250; 0.015625
     0.3750 -0.1250  0.3750; 0.015625
     0.3750 -0.1250  0.6250; 0.015625
     0.3750  0.1250 -0.1250; 0.015625
     0.3750  0.1250  0.1250; 0.015625
     0.3750  0.1250  0.3750; 0.015625
     0.3750  0.1250  0.6250; 0.015625
     0.3750  0.3750 -0.1250; 0.015625
     0.3750  0.3750  0.1250; 0.015625
     0.3750  0.3750  0.3750; 0.015625
     0.3750  0.3750  0.6250; 0.015625
     0.3750  0.6250 -0.1250; 0.015625
     0.3750  0.6250  0.1250; 0.015625
     0.3750  0.6250  0.3750; 0.015625
     0.3750  0.6250  0.6250; 0.015625
     0.6250 -0.1250 -0.1250; 0.015625
     0.6250 -0.1250  0.1250; 0.015625
     0.6250 -0.1250  0.3750; 0.015625
     0.6250 -0.1250  0.6250; 0.015625
     0.6250  0.1250 -0.1250; 0.015625
     0.6250  0.1250  0.1250; 0.015625
     0.6250  0.1250  0.3750; 0.015625
     0.6250  0.1250  0.6250; 0.015625
     0.6250  0.3750 -0.1250; 0.015625
     0.6250  0.3750  0.1250; 0.015625
     0.6250  0.3750  0.3750; 0.015625
     0.6250  0.3750  0.6250; 0.015625
     0.6250  0.6250 -0.1250; 0.015625
     0.6250  0.6250  0.1250; 0.015625
     0.6250  0.6250  0.3750; 0.015625
     0.6250  0.6250  0.6250; 0.015625

=========================================
Quantum MASALA
 - Project Git Info:
    - Commit hash:          a90d2c4e46f84faa5afa2aaf4b398d09c01b0dc6
    - Commit date and time: Friday, 05 June, 2026 12:41:05
Started calculation on 2026-07-18 at 20:01:45.
=========================================
SCF Parameters:

dftcomm        = DFTCommMod(image_comm.size=1, n_kgrp=1, n_bgrp=1, pwgrp_size=None)
crystal        = Crystal(
                  reallat=RealLattice(
                    alat=10.26000, 
                    latvec=
                      [[10.26  0.    0.  ]
                       [ 0.   10.26  0.  ]
                       [ 0.    0.   10.26]],
                  ), 
                  l_atoms=[
                    BasisAtoms(
                      label='Si', 
                      ppdata.filename=Si_ONCV_PBE-1.2.upf, 
                      ppdata.md5_checksum=7f029a58b69e3aa87b46a36c608bf45e, 
                      ppdata.valence=4, 
                      mass=28.085, 
                      r_cryst=
                        [-0.125, -0.125, -0.125],
                        [ 0.375,  0.375, -0.125],
                        [ 0.375, -0.125,  0.375],
                        [-0.125,  0.375,  0.375],
                      )
                    BasisAtoms(
                      label='Si', 
                      ppdata.filename=Si_ONCV_PBE-1.2.upf, 
                      ppdata.md5_checksum=7f029a58b69e3aa87b46a36c608bf45e, 
                      ppdata.valence=4, 
                      mass=28.085, 
                      r_cryst=
                        [0.125, 0.125, 0.125],
                        [0.625, 0.625, 0.125],
                        [0.625, 0.125, 0.625],
                        [0.125, 0.625, 0.625],
                      )
                    ])
grho           = GSpace(crystal.recilat, ecut_rho=50.0, grid_shape=(36, 36, 36))
grho.num_g     = 18277
gwfn           = GSpace(crystal.recilat, ecut_wfn=50.0, grid_shape=(36, 36, 36))
gwfn.num_g     = 18277
numbnd         = 32
is_spin        = False
is_noncolin    = False
symm_rho       = True
rho_start      = <qtm.containers.field.get_FieldG.<locals>.FieldG object at 0x7a1a54f4a5d0>
wfn_init       = None
libxc_func     = None
occ_typ        = fixed
smear_typ      = gauss
e_temp         = 0.001 # Ha
conv_thr       = 5e-09 # Ha
maxiter        = 100
diago_thr_init = 0.005
mix_beta       = 0.7
mix_dim        = 8
ret_vxc        = False
dftconfig      = DFTConfig(
                      symm_check_supercell = True,
                      symm_use_all_frac = False,
                      spglib_symprec = 1e-05,
                      eigsolve_method = 'davidson',
                      davidson_maxiter = 20,
                      davidson_numwork = 2,
                      mixing_method = 'modbroyden')
iter_printer   = print_scf_status
kpts           =
    kpt[0]  kpt[1]  kpt[2];  weight
    -0.1250 -0.1250 -0.1250; 0.015625
    -0.1250 -0.1250  0.1250; 0.015625
    -0.1250 -0.1250  0.3750; 0.015625
    -0.1250 -0.1250  0.6250; 0.015625
    -0.1250  0.1250 -0.1250; 0.015625
    -0.1250  0.1250  0.1250; 0.015625
    -0.1250  0.1250  0.3750; 0.015625
    -0.1250  0.1250  0.6250; 0.015625
    -0.1250  0.3750 -0.1250; 0.015625
    -0.1250  0.3750  0.1250; 0.015625
    -0.1250  0.3750  0.3750; 0.015625
    -0.1250  0.3750  0.6250; 0.015625
    -0.1250  0.6250 -0.1250; 0.015625
    -0.1250  0.6250  0.1250; 0.015625
    -0.1250  0.6250  0.3750; 0.015625
    -0.1250  0.6250  0.6250; 0.015625
     0.1250 -0.1250 -0.1250; 0.015625
     0.1250 -0.1250  0.1250; 0.015625
     0.1250 -0.1250  0.3750; 0.015625
     0.1250 -0.1250  0.6250; 0.015625
     0.1250  0.1250 -0.1250; 0.015625
     0.1250  0.1250  0.1250; 0.015625
     0.1250  0.1250  0.3750; 0.015625
     0.1250  0.1250  0.6250; 0.015625
     0.1250  0.3750 -0.1250; 0.015625
     0.1250  0.3750  0.1250; 0.015625
     0.1250  0.3750  0.3750; 0.015625
     0.1250  0.3750  0.6250; 0.015625
     0.1250  0.6250 -0.1250; 0.015625
     0.1250  0.6250  0.1250; 0.015625
     0.1250  0.6250  0.3750; 0.015625
     0.1250  0.6250  0.6250; 0.015625
     0.3750 -0.1250 -0.1250; 0.015625
     0.3750 -0.1250  0.1250; 0.015625
     0.3750 -0.1250  0.3750; 0.015625
     0.3750 -0.1250  0.6250; 0.015625
     0.3750  0.1250 -0.1250; 0.015625
     0.3750  0.1250  0.1250; 0.015625
     0.3750  0.1250  0.3750; 0.015625
     0.3750  0.1250  0.6250; 0.015625
     0.3750  0.3750 -0.1250; 0.015625
     0.3750  0.3750  0.1250; 0.015625
     0.3750  0.3750  0.3750; 0.015625
     0.3750  0.3750  0.6250; 0.015625
     0.3750  0.6250 -0.1250; 0.015625
     0.3750  0.6250  0.1250; 0.015625
     0.3750  0.6250  0.3750; 0.015625
     0.3750  0.6250  0.6250; 0.015625
     0.6250 -0.1250 -0.1250; 0.015625
     0.6250 -0.1250  0.1250; 0.015625
     0.6250 -0.1250  0.3750; 0.015625
     0.6250 -0.1250  0.6250; 0.015625
     0.6250  0.1250 -0.1250; 0.015625
     0.6250  0.1250  0.1250; 0.015625
     0.6250  0.1250  0.3750; 0.015625
     0.6250  0.1250  0.6250; 0.015625
     0.6250  0.3750 -0.1250; 0.015625
     0.6250  0.3750  0.1250; 0.015625
     0.6250  0.3750  0.3750; 0.015625
     0.6250  0.3750  0.6250; 0.015625
     0.6250  0.6250 -0.1250; 0.015625
     0.6250  0.6250  0.1250; 0.015625
     0.6250  0.6250  0.3750; 0.015625
     0.6250  0.6250  0.6250; 0.015625

=========================================
Quantum MASALA
 - Project Git Info:
    - Commit hash:          a90d2c4e46f84faa5afa2aaf4b398d09c01b0dc6
    - Commit date and time: Friday, 05 June, 2026 12:41:05
Started calculation on 2026-07-18 at 20:01:45.
=========================================
SCF Parameters:

dftcomm        = DFTCommMod(image_comm.size=1, n_kgrp=1, n_bgrp=1, pwgrp_size=None)
crystal        = Crystal(
                  reallat=RealLattice(
                    alat=10.26000, 
                    latvec=
                      [[10.26  0.    0.  ]
                       [ 0.   10.26  0.  ]
                       [ 0.    0.   10.26]],
                  ), 
                  l_atoms=[
                    BasisAtoms(
                      label='Si', 
                      ppdata.filename=Si_ONCV_PBE-1.2.upf, 
                      ppdata.md5_checksum=7f029a58b69e3aa87b46a36c608bf45e, 
                      ppdata.valence=4, 
                      mass=28.085, 
                      r_cryst=
                        [-0.125, -0.125, -0.125],
                        [ 0.375,  0.375, -0.125],
                        [ 0.375, -0.125,  0.375],
                        [-0.125,  0.375,  0.375],
                      )
                    BasisAtoms(
                      label='Si', 
                      ppdata.filename=Si_ONCV_PBE-1.2.upf, 
                      ppdata.md5_checksum=7f029a58b69e3aa87b46a36c608bf45e, 
                      ppdata.valence=4, 
                      mass=28.085, 
                      r_cryst=
                        [0.125, 0.125, 0.125],
                        [0.625, 0.625, 0.125],
                        [0.625, 0.125, 0.625],
                        [0.125, 0.625, 0.625],
                      )
                    ])
grho           = GSpace(crystal.recilat, ecut_rho=50.0, grid_shape=(36, 36, 36))
grho.num_g     = 18277
gwfn           = GSpace(crystal.recilat, ecut_wfn=50.0, grid_shape=(36, 36, 36))
gwfn.num_g     = 18277
numbnd         = 32
is_spin        = False
is_noncolin    = False
symm_rho       = True
rho_start      = <qtm.containers.field.get_FieldG.<locals>.FieldG object at 0x7b6da67b37a0>
wfn_init       = None
libxc_func     = None
occ_typ        = fixed
smear_typ      = gauss
e_temp         = 0.001 # Ha
conv_thr       = 5e-09 # Ha
maxiter        = 100
diago_thr_init = 0.005
mix_beta       = 0.7
mix_dim        = 8
ret_vxc        = False
dftconfig      = DFTConfig(
                      symm_check_supercell = True,
                      symm_use_all_frac = False,
                      spglib_symprec = 1e-05,
                      eigsolve_method = 'davidson',
                      davidson_maxiter = 20,
                      davidson_numwork = 2,
                      mixing_method = 'modbroyden')
iter_printer   = print_scf_status
kpts           =
    kpt[0]  kpt[1]  kpt[2];  weight
    -0.1250 -0.1250 -0.1250; 0.015625
    -0.1250 -0.1250  0.1250; 0.015625
    -0.1250 -0.1250  0.3750; 0.015625
    -0.1250 -0.1250  0.6250; 0.015625
    -0.1250  0.1250 -0.1250; 0.015625
    -0.1250  0.1250  0.1250; 0.015625
    -0.1250  0.1250  0.3750; 0.015625
    -0.1250  0.1250  0.6250; 0.015625
    -0.1250  0.3750 -0.1250; 0.015625
    -0.1250  0.3750  0.1250; 0.015625
    -0.1250  0.3750  0.3750; 0.015625
    -0.1250  0.3750  0.6250; 0.015625
    -0.1250  0.6250 -0.1250; 0.015625
    -0.1250  0.6250  0.1250; 0.015625
    -0.1250  0.6250  0.3750; 0.015625
    -0.1250  0.6250  0.6250; 0.015625
     0.1250 -0.1250 -0.1250; 0.015625
     0.1250 -0.1250  0.1250; 0.015625
     0.1250 -0.1250  0.3750; 0.015625
     0.1250 -0.1250  0.6250; 0.015625
     0.1250  0.1250 -0.1250; 0.015625
     0.1250  0.1250  0.1250; 0.015625
     0.1250  0.1250  0.3750; 0.015625
     0.1250  0.1250  0.6250; 0.015625
     0.1250  0.3750 -0.1250; 0.015625
     0.1250  0.3750  0.1250; 0.015625
     0.1250  0.3750  0.3750; 0.015625
     0.1250  0.3750  0.6250; 0.015625
     0.1250  0.6250 -0.1250; 0.015625
     0.1250  0.6250  0.1250; 0.015625
     0.1250  0.6250  0.3750; 0.015625
     0.1250  0.6250  0.6250; 0.015625
     0.3750 -0.1250 -0.1250; 0.015625
     0.3750 -0.1250  0.1250; 0.015625
     0.3750 -0.1250  0.3750; 0.015625
     0.3750 -0.1250  0.6250; 0.015625
     0.3750  0.1250 -0.1250; 0.015625
     0.3750  0.1250  0.1250; 0.015625
     0.3750  0.1250  0.3750; 0.015625
     0.3750  0.1250  0.6250; 0.015625
     0.3750  0.3750 -0.1250; 0.015625
     0.3750  0.3750  0.1250; 0.015625
     0.3750  0.3750  0.3750; 0.015625
     0.3750  0.3750  0.6250; 0.015625
     0.3750  0.6250 -0.1250; 0.015625
     0.3750  0.6250  0.1250; 0.015625
     0.3750  0.6250  0.3750; 0.015625
     0.3750  0.6250  0.6250; 0.015625
     0.6250 -0.1250 -0.1250; 0.015625
     0.6250 -0.1250  0.1250; 0.015625
     0.6250 -0.1250  0.3750; 0.015625
     0.6250 -0.1250  0.6250; 0.015625
     0.6250  0.1250 -0.1250; 0.015625
     0.6250  0.1250  0.1250; 0.015625
     0.6250  0.1250  0.3750; 0.015625
     0.6250  0.1250  0.6250; 0.015625
     0.6250  0.3750 -0.1250; 0.015625
     0.6250  0.3750  0.1250; 0.015625
     0.6250  0.3750  0.3750; 0.015625
     0.6250  0.3750  0.6250; 0.015625
     0.6250  0.6250 -0.1250; 0.015625
     0.6250  0.6250  0.1250; 0.015625
     0.6250  0.6250  0.3750; 0.015625
     0.6250  0.6250  0.6250; 0.015625

=========================================
Quantum MASALA
 - Project Git Info:
    - Commit hash:          a90d2c4e46f84faa5afa2aaf4b398d09c01b0dc6
    - Commit date and time: Friday, 05 June, 2026 12:41:05
Started calculation on 2026-07-18 at 20:01:45.
=========================================
SCF Parameters:

dftcomm        = DFTCommMod(image_comm.size=1, n_kgrp=1, n_bgrp=1, pwgrp_size=None)
crystal        = Crystal(
                  reallat=RealLattice(
                    alat=10.26000, 
                    latvec=
                      [[10.26  0.    0.  ]
                       [ 0.   10.26  0.  ]
                       [ 0.    0.   10.26]],
                  ), 
                  l_atoms=[
                    BasisAtoms(
                      label='Si', 
                      ppdata.filename=Si_ONCV_PBE-1.2.upf, 
                      ppdata.md5_checksum=7f029a58b69e3aa87b46a36c608bf45e, 
                      ppdata.valence=4, 
                      mass=28.085, 
                      r_cryst=
                        [-0.125, -0.125, -0.125],
                        [ 0.375,  0.375, -0.125],
                        [ 0.375, -0.125,  0.375],
                        [-0.125,  0.375,  0.375],
                      )
                    BasisAtoms(
                      label='Si', 
                      ppdata.filename=Si_ONCV_PBE-1.2.upf, 
                      ppdata.md5_checksum=7f029a58b69e3aa87b46a36c608bf45e, 
                      ppdata.valence=4, 
                      mass=28.085, 
                      r_cryst=
                        [0.125, 0.125, 0.125],
                        [0.625, 0.625, 0.125],
                        [0.625, 0.125, 0.625],
                        [0.125, 0.625, 0.625],
                      )
                    ])
grho           = GSpace(crystal.recilat, ecut_rho=50.0, grid_shape=(36, 36, 36))
grho.num_g     = 18277
gwfn           = GSpace(crystal.recilat, ecut_wfn=50.0, grid_shape=(36, 36, 36))
gwfn.num_g     = 18277
numbnd         = 32
is_spin        = False
is_noncolin    = False
symm_rho       = True
rho_start      = <qtm.containers.field.get_FieldG.<locals>.FieldG object at 0x75e3c9b5eb40>
wfn_init       = None
libxc_func     = None
occ_typ        = fixed
smear_typ      = gauss
e_temp         = 0.001 # Ha
conv_thr       = 5e-09 # Ha
maxiter        = 100
diago_thr_init = 0.005
mix_beta       = 0.7
mix_dim        = 8
ret_vxc        = False
dftconfig      = DFTConfig(
                      symm_check_supercell = True,
                      symm_use_all_frac = False,
                      spglib_symprec = 1e-05,
                      eigsolve_method = 'davidson',
                      davidson_maxiter = 20,
                      davidson_numwork = 2,
                      mixing_method = 'modbroyden')
iter_printer   = print_scf_status
kpts           =
    kpt[0]  kpt[1]  kpt[2];  weight
    -0.1250 -0.1250 -0.1250; 0.015625
    -0.1250 -0.1250  0.1250; 0.015625
    -0.1250 -0.1250  0.3750; 0.015625
    -0.1250 -0.1250  0.6250; 0.015625
    -0.1250  0.1250 -0.1250; 0.015625
    -0.1250  0.1250  0.1250; 0.015625
    -0.1250  0.1250  0.3750; 0.015625
    -0.1250  0.1250  0.6250; 0.015625
    -0.1250  0.3750 -0.1250; 0.015625
    -0.1250  0.3750  0.1250; 0.015625
    -0.1250  0.3750  0.3750; 0.015625
    -0.1250  0.3750  0.6250; 0.015625
    -0.1250  0.6250 -0.1250; 0.015625
    -0.1250  0.6250  0.1250; 0.015625
    -0.1250  0.6250  0.3750; 0.015625
    -0.1250  0.6250  0.6250; 0.015625
     0.1250 -0.1250 -0.1250; 0.015625
     0.1250 -0.1250  0.1250; 0.015625
     0.1250 -0.1250  0.3750; 0.015625
     0.1250 -0.1250  0.6250; 0.015625
     0.1250  0.1250 -0.1250; 0.015625
     0.1250  0.1250  0.1250; 0.015625
     0.1250  0.1250  0.3750; 0.015625
     0.1250  0.1250  0.6250; 0.015625
     0.1250  0.3750 -0.1250; 0.015625
     0.1250  0.3750  0.1250; 0.015625
     0.1250  0.3750  0.3750; 0.015625
     0.1250  0.3750  0.6250; 0.015625
     0.1250  0.6250 -0.1250; 0.015625
     0.1250  0.6250  0.1250; 0.015625
     0.1250  0.6250  0.3750; 0.015625
     0.1250  0.6250  0.6250; 0.015625
     0.3750 -0.1250 -0.1250; 0.015625
     0.3750 -0.1250  0.1250; 0.015625
     0.3750 -0.1250  0.3750; 0.015625
     0.3750 -0.1250  0.6250; 0.015625
     0.3750  0.1250 -0.1250; 0.015625
     0.3750  0.1250  0.1250; 0.015625
     0.3750  0.1250  0.3750; 0.015625
     0.3750  0.1250  0.6250; 0.015625
     0.3750  0.3750 -0.1250; 0.015625
     0.3750  0.3750  0.1250; 0.015625
     0.3750  0.3750  0.3750; 0.015625
     0.3750  0.3750  0.6250; 0.015625
     0.3750  0.6250 -0.1250; 0.015625
     0.3750  0.6250  0.1250; 0.015625
     0.3750  0.6250  0.3750; 0.015625
     0.3750  0.6250  0.6250; 0.015625
     0.6250 -0.1250 -0.1250; 0.015625
     0.6250 -0.1250  0.1250; 0.015625
     0.6250 -0.1250  0.3750; 0.015625
     0.6250 -0.1250  0.6250; 0.015625
     0.6250  0.1250 -0.1250; 0.015625
     0.6250  0.1250  0.1250; 0.015625
     0.6250  0.1250  0.3750; 0.015625
     0.6250  0.1250  0.6250; 0.015625
     0.6250  0.3750 -0.1250; 0.015625
     0.6250  0.3750  0.1250; 0.015625
     0.6250  0.3750  0.3750; 0.015625
     0.6250  0.3750  0.6250; 0.015625
     0.6250  0.6250 -0.1250; 0.015625
     0.6250  0.6250  0.1250; 0.015625
     0.6250  0.6250  0.3750; 0.015625
     0.6250  0.6250  0.6250; 0.015625

=========================================
Quantum MASALA
 - Project Git Info:
    - Commit hash:          a90d2c4e46f84faa5afa2aaf4b398d09c01b0dc6
    - Commit date and time: Friday, 05 June, 2026 12:41:05
Started calculation on 2026-07-18 at 20:01:45.
=========================================
SCF Parameters:

dftcomm        = DFTCommMod(image_comm.size=1, n_kgrp=1, n_bgrp=1, pwgrp_size=None)
crystal        = Crystal(
                  reallat=RealLattice(
                    alat=10.26000, 
                    latvec=
                      [[10.26  0.    0.  ]
                       [ 0.   10.26  0.  ]
                       [ 0.    0.   10.26]],
                  ), 
                  l_atoms=[
                    BasisAtoms(
                      label='Si', 
                      ppdata.filename=Si_ONCV_PBE-1.2.upf, 
                      ppdata.md5_checksum=7f029a58b69e3aa87b46a36c608bf45e, 
                      ppdata.valence=4, 
                      mass=28.085, 
                      r_cryst=
                        [-0.125, -0.125, -0.125],
                        [ 0.375,  0.375, -0.125],
                        [ 0.375, -0.125,  0.375],
                        [-0.125,  0.375,  0.375],
                      )
                    BasisAtoms(
                      label='Si', 
                      ppdata.filename=Si_ONCV_PBE-1.2.upf, 
                      ppdata.md5_checksum=7f029a58b69e3aa87b46a36c608bf45e, 
                      ppdata.valence=4, 
                      mass=28.085, 
                      r_cryst=
                        [0.125, 0.125, 0.125],
                        [0.625, 0.625, 0.125],
                        [0.625, 0.125, 0.625],
                        [0.125, 0.625, 0.625],
                      )
                    ])
grho           = GSpace(crystal.recilat, ecut_rho=50.0, grid_shape=(36, 36, 36))
grho.num_g     = 18277
gwfn           = GSpace(crystal.recilat, ecut_wfn=50.0, grid_shape=(36, 36, 36))
gwfn.num_g     = 18277
numbnd         = 32
is_spin        = False
is_noncolin    = False
symm_rho       = True
rho_start      = <qtm.containers.field.get_FieldG.<locals>.FieldG object at 0x73c37af0b290>
wfn_init       = None
libxc_func     = None
occ_typ        = fixed
smear_typ      = gauss
e_temp         = 0.001 # Ha
conv_thr       = 5e-09 # Ha
maxiter        = 100
diago_thr_init = 0.005
mix_beta       = 0.7
mix_dim        = 8
ret_vxc        = False
dftconfig      = DFTConfig(
                      symm_check_supercell = True,
                      symm_use_all_frac = False,
                      spglib_symprec = 1e-05,
                      eigsolve_method = 'davidson',
                      davidson_maxiter = 20,
                      davidson_numwork = 2,
                      mixing_method = 'modbroyden')
iter_printer   = print_scf_status
kpts           =
    kpt[0]  kpt[1]  kpt[2];  weight
    -0.1250 -0.1250 -0.1250; 0.015625
    -0.1250 -0.1250  0.1250; 0.015625
    -0.1250 -0.1250  0.3750; 0.015625
    -0.1250 -0.1250  0.6250; 0.015625
    -0.1250  0.1250 -0.1250; 0.015625
    -0.1250  0.1250  0.1250; 0.015625
    -0.1250  0.1250  0.3750; 0.015625
    -0.1250  0.1250  0.6250; 0.015625
    -0.1250  0.3750 -0.1250; 0.015625
    -0.1250  0.3750  0.1250; 0.015625
    -0.1250  0.3750  0.3750; 0.015625
    -0.1250  0.3750  0.6250; 0.015625
    -0.1250  0.6250 -0.1250; 0.015625
    -0.1250  0.6250  0.1250; 0.015625
    -0.1250  0.6250  0.3750; 0.015625
    -0.1250  0.6250  0.6250; 0.015625
     0.1250 -0.1250 -0.1250; 0.015625
     0.1250 -0.1250  0.1250; 0.015625
     0.1250 -0.1250  0.3750; 0.015625
     0.1250 -0.1250  0.6250; 0.015625
     0.1250  0.1250 -0.1250; 0.015625
     0.1250  0.1250  0.1250; 0.015625
     0.1250  0.1250  0.3750; 0.015625
     0.1250  0.1250  0.6250; 0.015625
     0.1250  0.3750 -0.1250; 0.015625
     0.1250  0.3750  0.1250; 0.015625
     0.1250  0.3750  0.3750; 0.015625
     0.1250  0.3750  0.6250; 0.015625
     0.1250  0.6250 -0.1250; 0.015625
     0.1250  0.6250  0.1250; 0.015625
     0.1250  0.6250  0.3750; 0.015625
     0.1250  0.6250  0.6250; 0.015625
     0.3750 -0.1250 -0.1250; 0.015625
     0.3750 -0.1250  0.1250; 0.015625
     0.3750 -0.1250  0.3750; 0.015625
     0.3750 -0.1250  0.6250; 0.015625
     0.3750  0.1250 -0.1250; 0.015625
     0.3750  0.1250  0.1250; 0.015625
     0.3750  0.1250  0.3750; 0.015625
     0.3750  0.1250  0.6250; 0.015625
     0.3750  0.3750 -0.1250; 0.015625
     0.3750  0.3750  0.1250; 0.015625
     0.3750  0.3750  0.3750; 0.015625
     0.3750  0.3750  0.6250; 0.015625
     0.3750  0.6250 -0.1250; 0.015625
     0.3750  0.6250  0.1250; 0.015625
     0.3750  0.6250  0.3750; 0.015625
     0.3750  0.6250  0.6250; 0.015625
     0.6250 -0.1250 -0.1250; 0.015625
     0.6250 -0.1250  0.1250; 0.015625
     0.6250 -0.1250  0.3750; 0.015625
     0.6250 -0.1250  0.6250; 0.015625
     0.6250  0.1250 -0.1250; 0.015625
     0.6250  0.1250  0.1250; 0.015625
     0.6250  0.1250  0.3750; 0.015625
     0.6250  0.1250  0.6250; 0.015625
     0.6250  0.3750 -0.1250; 0.015625
     0.6250  0.3750  0.1250; 0.015625
     0.6250  0.3750  0.3750; 0.015625
     0.6250  0.3750  0.6250; 0.015625
     0.6250  0.6250 -0.1250; 0.015625
     0.6250  0.6250  0.1250; 0.015625
     0.6250  0.6250  0.3750; 0.015625
     0.6250  0.6250  0.6250; 0.015625

=========================================
Iteration # 1, Run Time:  17.7 sec
Convergence Status   : NOT Converged
SCF Error           : 2.0549e-01 Ry
Avg Diago Iterations: 9.5
Diago Threshold     : 6.42e-04 Ry

Total Energy:          -63.82831127 Ry

      one-el:           18.85395715 Ry
     Hartree:            3.30678671 Ry
          XC:          -18.78533682 Ry
       Ewald:          -67.20371831 Ry

    HO Level:            5.47516348 eV
    LU Level:            6.89867275 eV
----------------------------------------

Iteration # 1, Run Time:  17.8 sec
Convergence Status   : NOT Converged
SCF Error           : 2.0549e-01 Ry
Avg Diago Iterations: 9.5
Diago Threshold     : 6.42e-04 Ry

Total Energy:          -63.82831127 Ry

      one-el:           18.85395715 Ry
     Hartree:            3.30678671 Ry
          XC:          -18.78533682 Ry
       Ewald:          -67.20371831 Ry

    HO Level:            5.47516348 eV
    LU Level:            6.89867275 eV
----------------------------------------

Iteration # 1, Run Time:  17.9 sec
Convergence Status   : NOT Converged
SCF Error           : 2.0549e-01 Ry
Avg Diago Iterations: 9.5
Diago Threshold     : 6.42e-04 Ry

Total Energy:          -63.82831127 Ry

      one-el:           18.85395715 Ry
     Hartree:            3.30678671 Ry
          XC:          -18.78533682 Ry
       Ewald:          -67.20371831 Ry

    HO Level:            5.47516348 eV
    LU Level:            6.89867275 eV
----------------------------------------

Iteration # 1, Run Time:  18.0 sec
Convergence Status   : NOT Converged
SCF Error           : 2.0549e-01 Ry
Avg Diago Iterations: 9.5
Diago Threshold     : 6.42e-04 Ry

Total Energy:          -63.82831127 Ry

      one-el:           18.85395715 Ry
     Hartree:            3.30678671 Ry
          XC:          -18.78533682 Ry
       Ewald:          -67.20371831 Ry

    HO Level:            5.47516348 eV
    LU Level:            6.89867275 eV
----------------------------------------

Iteration # 1, Run Time:  18.1 sec
Convergence Status   : NOT Converged
SCF Error           : 2.0549e-01 Ry
Avg Diago Iterations: 9.5
Diago Threshold     : 6.42e-04 Ry

Total Energy:          -63.82831127 Ry

      one-el:           18.85395715 Ry
     Hartree:            3.30678671 Ry
          XC:          -18.78533682 Ry
       Ewald:          -67.20371831 Ry

    HO Level:            5.47516348 eV
    LU Level:            6.89867275 eV
----------------------------------------

Iteration # 1, Run Time:  18.7 sec
Convergence Status   : NOT Converged
SCF Error           : 2.0549e-01 Ry
Avg Diago Iterations: 9.5
Diago Threshold     : 6.42e-04 Ry

Total Energy:          -63.82831127 Ry

      one-el:           18.85395715 Ry
     Hartree:            3.30678671 Ry
          XC:          -18.78533682 Ry
       Ewald:          -67.20371831 Ry

    HO Level:            5.47516348 eV
    LU Level:            6.89867275 eV
----------------------------------------

Iteration # 1, Run Time:  18.9 sec
Convergence Status   : NOT Converged
SCF Error           : 2.0549e-01 Ry
Avg Diago Iterations: 9.5
Diago Threshold     : 6.42e-04 Ry

Total Energy:          -63.82831127 Ry

      one-el:           18.85395715 Ry
     Hartree:            3.30678671 Ry
          XC:          -18.78533682 Ry
       Ewald:          -67.20371831 Ry

    HO Level:            5.47516348 eV
    LU Level:            6.89867275 eV
----------------------------------------

Iteration # 1, Run Time:  19.4 sec
Convergence Status   : NOT Converged
SCF Error           : 2.0549e-01 Ry
Avg Diago Iterations: 9.5
Diago Threshold     : 6.42e-04 Ry

Total Energy:          -63.82831127 Ry

      one-el:           18.85395715 Ry
     Hartree:            3.30678671 Ry
          XC:          -18.78533682 Ry
       Ewald:          -67.20371831 Ry

    HO Level:            5.47516348 eV
    LU Level:            6.89867275 eV
----------------------------------------

Iteration # 2, Run Time:  24.6 sec
Convergence Status   : NOT Converged
SCF Error           : 2.1103e-01 Ry
Avg Diago Iterations: 5.3
Diago Threshold     : 6.42e-04 Ry

Total Energy:          -63.85447293 Ry

      one-el:           18.82779549 Ry
     Hartree:            3.30678671 Ry
          XC:          -18.78533682 Ry
       Ewald:          -67.20371831 Ry

    HO Level:            5.45577500 eV
    LU Level:            6.89157214 eV
----------------------------------------

Iteration # 2, Run Time:  25.0 sec
Convergence Status   : NOT Converged
SCF Error           : 2.1103e-01 Ry
Avg Diago Iterations: 5.3
Diago Threshold     : 6.42e-04 Ry

Total Energy:          -63.85447293 Ry

      one-el:           18.82779549 Ry
     Hartree:            3.30678671 Ry
          XC:          -18.78533682 Ry
       Ewald:          -67.20371831 Ry

    HO Level:            5.45577500 eV
    LU Level:            6.89157214 eV
----------------------------------------

Iteration # 2, Run Time:  25.0 sec
Convergence Status   : NOT Converged
SCF Error           : 2.1103e-01 Ry
Avg Diago Iterations: 5.3
Diago Threshold     : 6.42e-04 Ry

Total Energy:          -63.85447293 Ry

      one-el:           18.82779549 Ry
     Hartree:            3.30678671 Ry
          XC:          -18.78533682 Ry
       Ewald:          -67.20371831 Ry

    HO Level:            5.45577500 eV
    LU Level:            6.89157214 eV
----------------------------------------

Iteration # 2, Run Time:  25.2 sec
Convergence Status   : NOT Converged
SCF Error           : 2.1103e-01 Ry
Avg Diago Iterations: 5.3
Diago Threshold     : 6.42e-04 Ry

Total Energy:          -63.85447293 Ry

      one-el:           18.82779549 Ry
     Hartree:            3.30678671 Ry
          XC:          -18.78533682 Ry
       Ewald:          -67.20371831 Ry

    HO Level:            5.45577500 eV
    LU Level:            6.89157214 eV
----------------------------------------

Iteration # 2, Run Time:  25.3 sec
Convergence Status   : NOT Converged
SCF Error           : 2.1103e-01 Ry
Avg Diago Iterations: 5.3
Diago Threshold     : 6.42e-04 Ry

Total Energy:          -63.85447293 Ry

      one-el:           18.82779549 Ry
     Hartree:            3.30678671 Ry
          XC:          -18.78533682 Ry
       Ewald:          -67.20371831 Ry

    HO Level:            5.45577500 eV
    LU Level:            6.89157214 eV
----------------------------------------

Iteration # 2, Run Time:  26.0 sec
Convergence Status   : NOT Converged
SCF Error           : 2.1103e-01 Ry
Avg Diago Iterations: 5.3
Diago Threshold     : 6.42e-04 Ry

Total Energy:          -63.85447293 Ry

      one-el:           18.82779549 Ry
     Hartree:            3.30678671 Ry
          XC:          -18.78533682 Ry
       Ewald:          -67.20371831 Ry

    HO Level:            5.45577500 eV
    LU Level:            6.89157214 eV
----------------------------------------

Iteration # 2, Run Time:  26.5 sec
Convergence Status   : NOT Converged
SCF Error           : 2.1103e-01 Ry
Avg Diago Iterations: 5.3
Diago Threshold     : 6.42e-04 Ry

Total Energy:          -63.85447293 Ry

      one-el:           18.82779549 Ry
     Hartree:            3.30678671 Ry
          XC:          -18.78533682 Ry
       Ewald:          -67.20371831 Ry

    HO Level:            5.45577500 eV
    LU Level:            6.89157214 eV
----------------------------------------

Iteration # 2, Run Time:  27.2 sec
Convergence Status   : NOT Converged
SCF Error           : 2.1103e-01 Ry
Avg Diago Iterations: 5.3
Diago Threshold     : 6.42e-04 Ry

Total Energy:          -63.85447293 Ry

      one-el:           18.82779549 Ry
     Hartree:            3.30678671 Ry
          XC:          -18.78533682 Ry
       Ewald:          -67.20371831 Ry

    HO Level:            5.45577500 eV
    LU Level:            6.89157214 eV
----------------------------------------

Iteration # 3, Run Time:  29.6 sec
Convergence Status   : NOT Converged
SCF Error           : 8.1888e-03 Ry
Avg Diago Iterations: 1.2
Diago Threshold     : 2.56e-05 Ry

Total Energy:          -63.12676635 Ry

      one-el:           18.99705973 Ry
     Hartree:            4.26070414 Ry
          XC:          -19.18081192 Ry
       Ewald:          -67.20371831 Ry

    HO Level:            5.90137160 eV
    LU Level:            7.07851268 eV
----------------------------------------

Iteration # 3, Run Time:  30.0 sec
Convergence Status   : NOT Converged
SCF Error           : 8.1888e-03 Ry
Avg Diago Iterations: 1.2
Diago Threshold     : 2.56e-05 Ry

Total Energy:          -63.12676635 Ry

      one-el:           18.99705973 Ry
     Hartree:            4.26070414 Ry
          XC:          -19.18081192 Ry
       Ewald:          -67.20371831 Ry

    HO Level:            5.90137160 eV
    LU Level:            7.07851268 eV
----------------------------------------

Iteration # 3, Run Time:  30.1 sec
Convergence Status   : NOT Converged
SCF Error           : 8.1888e-03 Ry
Avg Diago Iterations: 1.2
Diago Threshold     : 2.56e-05 Ry

Total Energy:          -63.12676635 Ry

      one-el:           18.99705973 Ry
     Hartree:            4.26070414 Ry
          XC:          -19.18081192 Ry
       Ewald:          -67.20371831 Ry

    HO Level:            5.90137160 eV
    LU Level:            7.07851268 eV
----------------------------------------

Iteration # 3, Run Time:  30.4 sec
Convergence Status   : NOT Converged
SCF Error           : 8.1888e-03 Ry
Avg Diago Iterations: 1.2
Diago Threshold     : 2.56e-05 Ry

Total Energy:          -63.12676635 Ry

      one-el:           18.99705973 Ry
     Hartree:            4.26070414 Ry
          XC:          -19.18081192 Ry
       Ewald:          -67.20371831 Ry

    HO Level:            5.90137160 eV
    LU Level:            7.07851268 eV
----------------------------------------

Iteration # 3, Run Time:  30.5 sec
Convergence Status   : NOT Converged
SCF Error           : 8.1888e-03 Ry
Avg Diago Iterations: 1.2
Diago Threshold     : 2.56e-05 Ry

Total Energy:          -63.12676635 Ry

      one-el:           18.99705973 Ry
     Hartree:            4.26070414 Ry
          XC:          -19.18081192 Ry
       Ewald:          -67.20371831 Ry

    HO Level:            5.90137160 eV
    LU Level:            7.07851268 eV
----------------------------------------

Iteration # 3, Run Time:  31.4 sec
Convergence Status   : NOT Converged
SCF Error           : 8.1888e-03 Ry
Avg Diago Iterations: 1.2
Diago Threshold     : 2.56e-05 Ry

Total Energy:          -63.12676635 Ry

      one-el:           18.99705973 Ry
     Hartree:            4.26070414 Ry
          XC:          -19.18081192 Ry
       Ewald:          -67.20371831 Ry

    HO Level:            5.90137160 eV
    LU Level:            7.07851268 eV
----------------------------------------

Iteration # 3, Run Time:  31.9 sec
Convergence Status   : NOT Converged
SCF Error           : 8.1888e-03 Ry
Avg Diago Iterations: 1.2
Diago Threshold     : 2.56e-05 Ry

Total Energy:          -63.12676635 Ry

      one-el:           18.99705973 Ry
     Hartree:            4.26070414 Ry
          XC:          -19.18081192 Ry
       Ewald:          -67.20371831 Ry

    HO Level:            5.90137160 eV
    LU Level:            7.07851268 eV
----------------------------------------

Iteration # 3, Run Time:  32.7 sec
Convergence Status   : NOT Converged
SCF Error           : 8.1888e-03 Ry
Avg Diago Iterations: 1.2
Diago Threshold     : 2.56e-05 Ry

Total Energy:          -63.12676635 Ry

      one-el:           18.99705973 Ry
     Hartree:            4.26070414 Ry
          XC:          -19.18081192 Ry
       Ewald:          -67.20371831 Ry

    HO Level:            5.90137160 eV
    LU Level:            7.07851268 eV
----------------------------------------

Iteration # 4, Run Time:  38.2 sec
Convergence Status   : NOT Converged
SCF Error           : 1.6371e-04 Ry
Avg Diago Iterations: 10.7
Diago Threshold     : 5.12e-07 Ry

Total Energy:          -63.05012274 Ry

      one-el:           19.01378970 Ry
     Hartree:            4.39860423 Ry
          XC:          -19.25879837 Ry
       Ewald:          -67.20371831 Ry

    HO Level:            5.95609349 eV
    LU Level:            7.12146729 eV
----------------------------------------

Iteration # 4, Run Time:  38.9 sec
Convergence Status   : NOT Converged
SCF Error           : 1.6371e-04 Ry
Avg Diago Iterations: 10.7
Diago Threshold     : 5.12e-07 Ry

Total Energy:          -63.05012274 Ry

      one-el:           19.01378970 Ry
     Hartree:            4.39860423 Ry
          XC:          -19.25879837 Ry
       Ewald:          -67.20371831 Ry

    HO Level:            5.95609349 eV
    LU Level:            7.12146729 eV
----------------------------------------

Iteration # 4, Run Time:  38.9 sec
Convergence Status   : NOT Converged
SCF Error           : 1.6371e-04 Ry
Avg Diago Iterations: 10.7
Diago Threshold     : 5.12e-07 Ry

Total Energy:          -63.05012274 Ry

      one-el:           19.01378970 Ry
     Hartree:            4.39860423 Ry
          XC:          -19.25879837 Ry
       Ewald:          -67.20371831 Ry

    HO Level:            5.95609349 eV
    LU Level:            7.12146729 eV
----------------------------------------

Iteration # 4, Run Time:  39.2 sec
Convergence Status   : NOT Converged
SCF Error           : 1.6371e-04 Ry
Avg Diago Iterations: 10.7
Diago Threshold     : 5.12e-07 Ry

Total Energy:          -63.05012274 Ry

      one-el:           19.01378970 Ry
     Hartree:            4.39860423 Ry
          XC:          -19.25879837 Ry
       Ewald:          -67.20371831 Ry

    HO Level:            5.95609349 eV
    LU Level:            7.12146729 eV
----------------------------------------

Iteration # 4, Run Time:  39.4 sec
Convergence Status   : NOT Converged
SCF Error           : 1.6371e-04 Ry
Avg Diago Iterations: 10.7
Diago Threshold     : 5.12e-07 Ry

Total Energy:          -63.05012274 Ry

      one-el:           19.01378970 Ry
     Hartree:            4.39860423 Ry
          XC:          -19.25879837 Ry
       Ewald:          -67.20371831 Ry

    HO Level:            5.95609349 eV
    LU Level:            7.12146729 eV
----------------------------------------

Iteration # 4, Run Time:  40.5 sec
Convergence Status   : NOT Converged
SCF Error           : 1.6371e-04 Ry
Avg Diago Iterations: 10.7
Diago Threshold     : 5.12e-07 Ry

Total Energy:          -63.05012274 Ry

      one-el:           19.01378970 Ry
     Hartree:            4.39860423 Ry
          XC:          -19.25879837 Ry
       Ewald:          -67.20371831 Ry

    HO Level:            5.95609349 eV
    LU Level:            7.12146729 eV
----------------------------------------

Iteration # 4, Run Time:  41.3 sec
Convergence Status   : NOT Converged
SCF Error           : 1.6371e-04 Ry
Avg Diago Iterations: 10.7
Diago Threshold     : 5.12e-07 Ry

Total Energy:          -63.05012274 Ry

      one-el:           19.01378969 Ry
     Hartree:            4.39860423 Ry
          XC:          -19.25879837 Ry
       Ewald:          -67.20371831 Ry

    HO Level:            5.95609351 eV
    LU Level:            7.12146733 eV
----------------------------------------

Iteration # 4, Run Time:  42.3 sec
Convergence Status   : NOT Converged
SCF Error           : 1.6371e-04 Ry
Avg Diago Iterations: 10.7
Diago Threshold     : 5.12e-07 Ry

Total Energy:          -63.05012274 Ry

      one-el:           19.01378970 Ry
     Hartree:            4.39860423 Ry
          XC:          -19.25879837 Ry
       Ewald:          -67.20371831 Ry

    HO Level:            5.95609349 eV
    LU Level:            7.12146729 eV
----------------------------------------

Iteration # 5, Run Time:  48.1 sec
Convergence Status   : NOT Converged
SCF Error           : 7.3241e-07 Ry
Avg Diago Iterations: 11.0
Diago Threshold     : 2.29e-09 Ry

Total Energy:          -63.05461099 Ry

      one-el:           19.01306692 Ry
     Hartree:            4.40033408 Ry
          XC:          -19.26429369 Ry
       Ewald:          -67.20371831 Ry

    HO Level:            5.95509715 eV
    LU Level:            7.12737137 eV
----------------------------------------

Iteration # 5, Run Time:  49.0 sec
Convergence Status   : NOT Converged
SCF Error           : 7.3241e-07 Ry
Avg Diago Iterations: 11.0
Diago Threshold     : 2.29e-09 Ry

Total Energy:          -63.05461099 Ry

      one-el:           19.01306692 Ry
     Hartree:            4.40033408 Ry
          XC:          -19.26429369 Ry
       Ewald:          -67.20371831 Ry

    HO Level:            5.95509715 eV
    LU Level:            7.12737137 eV
----------------------------------------

Iteration # 5, Run Time:  49.0 sec
Convergence Status   : NOT Converged
SCF Error           : 7.3241e-07 Ry
Avg Diago Iterations: 11.0
Diago Threshold     : 2.29e-09 Ry

Total Energy:          -63.05461099 Ry

      one-el:           19.01306692 Ry
     Hartree:            4.40033408 Ry
          XC:          -19.26429369 Ry
       Ewald:          -67.20371831 Ry

    HO Level:            5.95509715 eV
    LU Level:            7.12737137 eV
----------------------------------------

Iteration # 5, Run Time:  49.4 sec
Convergence Status   : NOT Converged
SCF Error           : 7.3241e-07 Ry
Avg Diago Iterations: 11.0
Diago Threshold     : 2.29e-09 Ry

Total Energy:          -63.05461099 Ry

      one-el:           19.01306692 Ry
     Hartree:            4.40033408 Ry
          XC:          -19.26429369 Ry
       Ewald:          -67.20371831 Ry

    HO Level:            5.95509715 eV
    LU Level:            7.12737137 eV
----------------------------------------

Iteration # 5, Run Time:  49.6 sec
Convergence Status   : NOT Converged
SCF Error           : 7.3241e-07 Ry
Avg Diago Iterations: 11.0
Diago Threshold     : 2.29e-09 Ry

Total Energy:          -63.05461099 Ry

      one-el:           19.01306692 Ry
     Hartree:            4.40033408 Ry
          XC:          -19.26429369 Ry
       Ewald:          -67.20371831 Ry

    HO Level:            5.95509715 eV
    LU Level:            7.12737137 eV
----------------------------------------

Iteration # 5, Run Time:  50.9 sec
Convergence Status   : NOT Converged
SCF Error           : 7.3241e-07 Ry
Avg Diago Iterations: 11.0
Diago Threshold     : 2.29e-09 Ry

Total Energy:          -63.05461099 Ry

      one-el:           19.01306692 Ry
     Hartree:            4.40033408 Ry
          XC:          -19.26429369 Ry
       Ewald:          -67.20371831 Ry

    HO Level:            5.95509715 eV
    LU Level:            7.12737137 eV
----------------------------------------

Iteration # 5, Run Time:  52.0 sec
Convergence Status   : NOT Converged
SCF Error           : 7.3242e-07 Ry
Avg Diago Iterations: 11.0
Diago Threshold     : 2.29e-09 Ry

Total Energy:          -63.05461105 Ry

      one-el:           19.01306686 Ry
     Hartree:            4.40033408 Ry
          XC:          -19.26429369 Ry
       Ewald:          -67.20371831 Ry

    HO Level:            5.95509719 eV
    LU Level:            7.12737138 eV
----------------------------------------

Iteration # 5, Run Time:  53.3 sec
Convergence Status   : NOT Converged
SCF Error           : 7.3241e-07 Ry
Avg Diago Iterations: 11.0
Diago Threshold     : 2.29e-09 Ry

Total Energy:          -63.05461099 Ry

      one-el:           19.01306692 Ry
     Hartree:            4.40033408 Ry
          XC:          -19.26429369 Ry
       Ewald:          -67.20371831 Ry

    HO Level:            5.95509715 eV
    LU Level:            7.12737137 eV
----------------------------------------

Iteration # 6, Run Time:  60.7 sec
Convergence Status   : NOT Converged
SCF Error           : 9.8338e-08 Ry
Avg Diago Iterations: 12.9
Diago Threshold     : 3.07e-10 Ry

Total Energy:          -63.05569314 Ry

      one-el:           19.01264041 Ry
     Hartree:            4.39965428 Ry
          XC:          -19.26426952 Ry
       Ewald:          -67.20371831 Ry

    HO Level:            5.95464522 eV
    LU Level:            7.12802094 eV
----------------------------------------

Iteration # 6, Run Time:  61.9 sec
Convergence Status   : NOT Converged
SCF Error           : 9.8338e-08 Ry
Avg Diago Iterations: 12.9
Diago Threshold     : 3.07e-10 Ry

Total Energy:          -63.05569314 Ry

      one-el:           19.01264041 Ry
     Hartree:            4.39965428 Ry
          XC:          -19.26426952 Ry
       Ewald:          -67.20371831 Ry

    HO Level:            5.95464522 eV
    LU Level:            7.12802094 eV
----------------------------------------

Iteration # 6, Run Time:  62.0 sec
Convergence Status   : NOT Converged
SCF Error           : 9.8338e-08 Ry
Avg Diago Iterations: 12.9
Diago Threshold     : 3.07e-10 Ry

Total Energy:          -63.05569314 Ry

      one-el:           19.01264041 Ry
     Hartree:            4.39965428 Ry
          XC:          -19.26426952 Ry
       Ewald:          -67.20371831 Ry

    HO Level:            5.95464522 eV
    LU Level:            7.12802094 eV
----------------------------------------

Iteration # 6, Run Time:  62.4 sec
Convergence Status   : NOT Converged
SCF Error           : 9.8338e-08 Ry
Avg Diago Iterations: 12.9
Diago Threshold     : 3.07e-10 Ry

Total Energy:          -63.05569314 Ry

      one-el:           19.01264041 Ry
     Hartree:            4.39965428 Ry
          XC:          -19.26426952 Ry
       Ewald:          -67.20371831 Ry

    HO Level:            5.95464522 eV
    LU Level:            7.12802094 eV
----------------------------------------

Iteration # 6, Run Time:  62.7 sec
Convergence Status   : NOT Converged
SCF Error           : 9.8338e-08 Ry
Avg Diago Iterations: 12.9
Diago Threshold     : 3.07e-10 Ry

Total Energy:          -63.05569314 Ry

      one-el:           19.01264041 Ry
     Hartree:            4.39965428 Ry
          XC:          -19.26426952 Ry
       Ewald:          -67.20371831 Ry

    HO Level:            5.95464522 eV
    LU Level:            7.12802094 eV
----------------------------------------

Iteration # 6, Run Time:  64.2 sec
Convergence Status   : NOT Converged
SCF Error           : 9.8338e-08 Ry
Avg Diago Iterations: 12.9
Diago Threshold     : 3.07e-10 Ry

Total Energy:          -63.05569314 Ry

      one-el:           19.01264041 Ry
     Hartree:            4.39965428 Ry
          XC:          -19.26426952 Ry
       Ewald:          -67.20371831 Ry

    HO Level:            5.95464522 eV
    LU Level:            7.12802094 eV
----------------------------------------

Iteration # 6, Run Time:  65.7 sec
Convergence Status   : NOT Converged
SCF Error           : 9.8565e-08 Ry
Avg Diago Iterations: 12.9
Diago Threshold     : 3.08e-10 Ry

Total Energy:          -63.05569299 Ry

      one-el:           19.01264047 Ry
     Hartree:            4.39965442 Ry
          XC:          -19.26426957 Ry
       Ewald:          -67.20371831 Ry

    HO Level:            5.95464533 eV
    LU Level:            7.12802074 eV
----------------------------------------

Iteration # 6, Run Time:  67.4 sec
Convergence Status   : NOT Converged
SCF Error           : 9.8338e-08 Ry
Avg Diago Iterations: 12.9
Diago Threshold     : 3.07e-10 Ry

Total Energy:          -63.05569314 Ry

      one-el:           19.01264041 Ry
     Hartree:            4.39965428 Ry
          XC:          -19.26426952 Ry
       Ewald:          -67.20371831 Ry

    HO Level:            5.95464522 eV
    LU Level:            7.12802094 eV
----------------------------------------

Iteration # 7, Run Time:  68.8 sec
Convergence Status   : NOT Converged
SCF Error           : 1.5098e-08 Ry
Avg Diago Iterations: 8.8
Diago Threshold     : 4.72e-11 Ry

Total Energy:          -63.05550921 Ry

      one-el:           19.01266837 Ry
     Hartree:            4.39990329 Ry
          XC:          -19.26436256 Ry
       Ewald:          -67.20371831 Ry

    HO Level:            5.95475287 eV
    LU Level:            7.12817068 eV
----------------------------------------

Iteration # 7, Run Time:  70.4 sec
Convergence Status   : NOT Converged
SCF Error           : 1.5098e-08 Ry
Avg Diago Iterations: 8.8
Diago Threshold     : 4.72e-11 Ry

Total Energy:          -63.05550921 Ry

      one-el:           19.01266837 Ry
     Hartree:            4.39990329 Ry
          XC:          -19.26436256 Ry
       Ewald:          -67.20371831 Ry

    HO Level:            5.95475287 eV
    LU Level:            7.12817068 eV
----------------------------------------

Iteration # 7, Run Time:  70.4 sec
Convergence Status   : NOT Converged
SCF Error           : 1.5098e-08 Ry
Avg Diago Iterations: 8.8
Diago Threshold     : 4.72e-11 Ry

Total Energy:          -63.05550921 Ry

      one-el:           19.01266837 Ry
     Hartree:            4.39990329 Ry
          XC:          -19.26436256 Ry
       Ewald:          -67.20371831 Ry

    HO Level:            5.95475287 eV
    LU Level:            7.12817068 eV
----------------------------------------

Iteration # 7, Run Time:  70.9 sec
Convergence Status   : NOT Converged
SCF Error           : 1.5098e-08 Ry
Avg Diago Iterations: 8.8
Diago Threshold     : 4.72e-11 Ry

Total Energy:          -63.05550921 Ry

      one-el:           19.01266837 Ry
     Hartree:            4.39990329 Ry
          XC:          -19.26436256 Ry
       Ewald:          -67.20371831 Ry

    HO Level:            5.95475287 eV
    LU Level:            7.12817068 eV
----------------------------------------

Iteration # 7, Run Time:  71.2 sec
Convergence Status   : NOT Converged
SCF Error           : 1.5098e-08 Ry
Avg Diago Iterations: 8.8
Diago Threshold     : 4.72e-11 Ry

Total Energy:          -63.05550921 Ry

      one-el:           19.01266837 Ry
     Hartree:            4.39990329 Ry
          XC:          -19.26436256 Ry
       Ewald:          -67.20371831 Ry

    HO Level:            5.95475287 eV
    LU Level:            7.12817068 eV
----------------------------------------

Iteration # 7, Run Time:  72.9 sec
Convergence Status   : NOT Converged
SCF Error           : 1.5098e-08 Ry
Avg Diago Iterations: 8.8
Diago Threshold     : 4.72e-11 Ry

Total Energy:          -63.05550921 Ry

      one-el:           19.01266837 Ry
     Hartree:            4.39990329 Ry
          XC:          -19.26436256 Ry
       Ewald:          -67.20371831 Ry

    HO Level:            5.95475287 eV
    LU Level:            7.12817068 eV
----------------------------------------

Iteration # 7, Run Time:  74.7 sec
Convergence Status   : NOT Converged
SCF Error           : 1.5108e-08 Ry
Avg Diago Iterations: 8.7
Diago Threshold     : 4.72e-11 Ry

Total Energy:          -63.05550932 Ry

      one-el:           19.01266837 Ry
     Hartree:            4.39990314 Ry
          XC:          -19.26436251 Ry
       Ewald:          -67.20371831 Ry

    HO Level:            5.95475279 eV
    LU Level:            7.12817066 eV
----------------------------------------

Iteration # 7, Run Time:  76.6 sec
Convergence Status   : NOT Converged
SCF Error           : 1.5098e-08 Ry
Avg Diago Iterations: 8.8
Diago Threshold     : 4.72e-11 Ry

Total Energy:          -63.05550921 Ry

      one-el:           19.01266837 Ry
     Hartree:            4.39990329 Ry
          XC:          -19.26436256 Ry
       Ewald:          -67.20371831 Ry

    HO Level:            5.95475287 eV
    LU Level:            7.12817068 eV
----------------------------------------

Iteration # 8, Run Time:  77.1 sec
Convergence Status   :  Converged
SCF Error           : 5.3031e-10 Ry
Avg Diago Iterations: 8.8
Diago Threshold     : 4.72e-11 Ry

Total Energy:          -63.05526123 Ry

      one-el:           19.01273683 Ry
     Hartree:            4.40018362 Ry
          XC:          -19.26446338 Ry
       Ewald:          -67.20371831 Ry

    HO Level:            5.95487685 eV
    LU Level:            7.12828743 eV
----------------------------------------

SCF Converged.

[Computing momentum matrices for linear response...]

[Density evolution: n_t=10000, dt=0.02, T=200.0 Ha]
  P_x range: [-1.7629e-04, 3.1768e-04]

[Plot saved to outputs/si_dyn_eps1.png]
[Plot saved to outputs/si_dyn_eps2.png]
Iteration # 8, Run Time:  78.7 sec
Convergence Status   :  Converged
SCF Error           : 5.3031e-10 Ry
Avg Diago Iterations: 8.8
Diago Threshold     : 4.72e-11 Ry

Total Energy:          -63.05526123 Ry

      one-el:           19.01273683 Ry
     Hartree:            4.40018362 Ry
          XC:          -19.26446338 Ry
       Ewald:          -67.20371831 Ry

    HO Level:            5.95487685 eV
    LU Level:            7.12828743 eV
----------------------------------------

SCF Converged.

[Computing momentum matrices for linear response...]

[Density evolution: n_t=10000, dt=0.02, T=200.0 Ha]
  P_x range: [-1.7629e-04, 3.1768e-04]

[Plot saved to outputs/si_dyn_eps1.png]
[Plot saved to outputs/si_dyn_eps2.png]
Iteration # 8, Run Time:  79.6 sec
Convergence Status   :  Converged
SCF Error           : 5.3031e-10 Ry
Avg Diago Iterations: 8.8
Diago Threshold     : 4.72e-11 Ry

Total Energy:          -63.05526123 Ry

      one-el:           19.01273683 Ry
     Hartree:            4.40018362 Ry
          XC:          -19.26446338 Ry
       Ewald:          -67.20371831 Ry

    HO Level:            5.95487685 eV
    LU Level:            7.12828743 eV
----------------------------------------

SCF Converged.

[Computing momentum matrices for linear response...]

[Density evolution: n_t=10000, dt=0.02, T=200.0 Ha]
  P_x range: [-1.7629e-04, 3.1768e-04]

[Plot saved to outputs/si_dyn_eps1.png]
[Plot saved to outputs/si_dyn_eps2.png]
Iteration # 8, Run Time:  79.3 sec
Convergence Status   :  Converged
SCF Error           : 5.3031e-10 Ry
Avg Diago Iterations: 8.8
Diago Threshold     : 4.72e-11 Ry

Total Energy:          -63.05526123 Ry

      one-el:           19.01273683 Ry
     Hartree:            4.40018362 Ry
          XC:          -19.26446338 Ry
       Ewald:          -67.20371831 Ry

    HO Level:            5.95487685 eV
    LU Level:            7.12828743 eV
----------------------------------------

SCF Converged.

[Computing momentum matrices for linear response...]

[Density evolution: n_t=10000, dt=0.02, T=200.0 Ha]
  P_x range: [-1.7629e-04, 3.1768e-04]

[Plot saved to outputs/si_dyn_eps1.png]
[Plot saved to outputs/si_dyn_eps2.png]
Iteration # 8, Run Time:  78.8 sec
Convergence Status   :  Converged
SCF Error           : 5.3031e-10 Ry
Avg Diago Iterations: 8.8
Diago Threshold     : 4.72e-11 Ry

Total Energy:          -63.05526123 Ry

      one-el:           19.01273683 Ry
     Hartree:            4.40018362 Ry
          XC:          -19.26446338 Ry
       Ewald:          -67.20371831 Ry

    HO Level:            5.95487685 eV
    LU Level:            7.12828743 eV
----------------------------------------

SCF Converged.

[Computing momentum matrices for linear response...]

[Density evolution: n_t=10000, dt=0.02, T=200.0 Ha]
  P_x range: [-1.7629e-04, 3.1768e-04]

[Plot saved to outputs/si_dyn_eps1.png]
[Plot saved to outputs/si_dyn_eps2.png]
Iteration # 8, Run Time:  81.5 sec
Convergence Status   :  Converged
SCF Error           : 5.3031e-10 Ry
Avg Diago Iterations: 8.8
Diago Threshold     : 4.72e-11 Ry

Total Energy:          -63.05526123 Ry

      one-el:           19.01273683 Ry
     Hartree:            4.40018362 Ry
          XC:          -19.26446338 Ry
       Ewald:          -67.20371831 Ry

    HO Level:            5.95487685 eV
    LU Level:            7.12828743 eV
----------------------------------------

SCF Converged.

[Computing momentum matrices for linear response...]

[Density evolution: n_t=10000, dt=0.02, T=200.0 Ha]
  P_x range: [-1.7629e-04, 3.1768e-04]

[Plot saved to outputs/si_dyn_eps1.png]
[Plot saved to outputs/si_dyn_eps2.png]
Iteration # 8, Run Time:  83.4 sec
Convergence Status   :  Converged
SCF Error           : 5.3245e-10 Ry
Avg Diago Iterations: 8.7
Diago Threshold     : 4.72e-11 Ry

Total Energy:          -63.05526124 Ry

      one-el:           19.01273691 Ry
     Hartree:            4.40018348 Ry
          XC:          -19.26446333 Ry
       Ewald:          -67.20371831 Ry

    HO Level:            5.95487680 eV
    LU Level:            7.12828742 eV
----------------------------------------

SCF Converged.

[Computing momentum matrices for linear response...]

[Density evolution: n_t=10000, dt=0.02, T=200.0 Ha]
  P_x range: [-1.7629e-04, 3.1768e-04]

[Plot saved to outputs/si_dyn_eps1.png]
[Plot saved to outputs/si_dyn_eps2.png]
Iteration # 8, Run Time:  85.5 sec
Convergence Status   :  Converged
SCF Error           : 5.3031e-10 Ry
Avg Diago Iterations: 8.8
Diago Threshold     : 4.72e-11 Ry

Total Energy:          -63.05526123 Ry

      one-el:           19.01273683 Ry
     Hartree:            4.40018362 Ry
          XC:          -19.26446338 Ry
       Ewald:          -67.20371831 Ry

    HO Level:            5.95487685 eV
    LU Level:            7.12828743 eV
----------------------------------------

SCF Converged.

[Computing momentum matrices for linear response...]

[Density evolution: n_t=10000, dt=0.02, T=200.0 Ha]
  P_x range: [-1.7629e-04, 3.1768e-04]

[Plot saved to outputs/si_dyn_eps1.png]
[Plot saved to outputs/si_dyn_eps2.png]
